  Determining projects to restore...
  All projects are up-to-date for restore.
  HealthSync.Domain -> C:\Users\minhk\Downloads\HealthSync\backend\HealthSync.Domain\bin\Debug\net8.0\HealthSync.Domain.dll
  HealthSync.Domain.Tests -> C:\Users\minhk\Downloads\HealthSync\backend\HealthSync.Domain.Tests\bin\Debug\net8.0\HealthSync.Domain.Tests.dll
  HealthSync.Application -> C:\Users\minhk\Downloads\HealthSync\backend\HealthSync.Application\bin\Debug\net8.0\HealthSync.Application.dll
  HealthSync.Infrastructure -> C:\Users\minhk\Downloads\HealthSync\backend\HealthSync.Infrastructure\bin\Debug\net8.0\HealthSync.Infrastructure.dll
  HealthSync.Infrastructure.Tests -> C:\Users\minhk\Downloads\HealthSync\backend\HealthSync.Infrastructure.Tests\bin\Debug\net8.0\HealthSync.Infrastructure.Tests.dll
C:\Users\minhk\Downloads\HealthSync\backend\HealthSync.Application.Tests\Handlers\ResendResetOtpCommandHandlerTests.cs(30,31): error CS0246: The type or namespace name 'ApplicationUser' could not be found (are you missing a using directive or an assembly reference?) [C:\Users\minhk\Downloads\HealthSync\backend\HealthSync.Application.Tests\HealthSync.Application.Tests.csproj]
C:\Users\minhk\Downloads\HealthSync\backend\HealthSync.Application.Tests\Handlers\ResendResetOtpCommandHandlerTests.cs(32,18): error CS0246: The type or namespace name 'ApplicationUser' could not be found (are you missing a using directive or an assembly reference?) [C:\Users\minhk\Downloads\HealthSync\backend\HealthSync.Application.Tests\HealthSync.Application.Tests.csproj]
C:\Users\minhk\Downloads\HealthSync\backend\HealthSync.Application.Tests\Handlers\ResendResetOtpCommandHandlerTests.cs(34,46): error CS1061: 'IQueryable<ApplicationUser>' does not contain a definition for 'BuildMock' and no accessible extension method 'BuildMock' accepting a first argument of type 'IQueryable<ApplicationUser>' could be found (are you missing a using directive or an assembly reference?) [C:\Users\minhk\Downloads\HealthSync\backend\HealthSync.Application.Tests\HealthSync.Application.Tests.csproj]
  HealthSync.Presentation -> C:\Users\minhk\Downloads\HealthSync\backend\HealthSync.Presentation\bin\Debug\net8.0\HealthSync.Presentation.dll
  HealthSync.Presentation.Tests -> C:\Users\minhk\Downloads\HealthSync\backend\HealthSync.Presentation.Tests\bin\Debug\net8.0\HealthSync.Presentation.Tests.dll
  HealthSync.IntegrationTests -> C:\Users\minhk\Downloads\HealthSync\backend\HealthSync.IntegrationTests\bin\Debug\net8.0\HealthSync.IntegrationTests.dll

Build FAILED.

C:\Users\minhk\Downloads\HealthSync\backend\HealthSync.Application.Tests\Handlers\ResendResetOtpCommandHandlerTests.cs(30,31): error CS0246: The type or namespace name 'ApplicationUser' could not be found (are you missing a using directive or an assembly reference?) [C:\Users\minhk\Downloads\HealthSync\backend\HealthSync.Application.Tests\HealthSync.Application.Tests.csproj]
C:\Users\minhk\Downloads\HealthSync\backend\HealthSync.Application.Tests\Handlers\ResendResetOtpCommandHandlerTests.cs(32,18): error CS0246: The type or namespace name 'ApplicationUser' could not be found (are you missing a using directive or an assembly reference?) [C:\Users\minhk\Downloads\HealthSync\backend\HealthSync.Application.Tests\HealthSync.Application.Tests.csproj]
C:\Users\minhk\Downloads\HealthSync\backend\HealthSync.Application.Tests\Handlers\ResendResetOtpCommandHandlerTests.cs(34,46): error CS1061: 'IQueryable<ApplicationUser>' does not contain a definition for 'BuildMock' and no accessible extension method 'BuildMock' accepting a first argument of type 'IQueryable<ApplicationUser>' could be found (are you missing a using directive or an assembly reference?) [C:\Users\minhk\Downloads\HealthSync\backend\HealthSync.Application.Tests\HealthSync.Application.Tests.csproj]
    0 Warning(s)
    3 Error(s)

Time Elapsed 00:00:02.76
